// Generated by miqt-uic. To update this file, edit the .ui file in
// Qt Designer, and then run 'go generate'.
//
//go:generate miqt-uic go_generate_args

package test_package_name

import (
	"github.com/mappu/miqt/qt"
)

type DialogUi struct {
	Dialog    *qt.QDialog
	buttonBox *qt.QDialogButtonBox
	label     *qt.QLabel
}

// NewDialogUi creates all Qt widget classes for Dialog.
func NewDialogUi() *DialogUi {
	ui := &DialogUi{}
	ui.Dialog = qt.NewQDialog(nil)
	ui.Dialog.SetObjectName("Dialog")
	ui.Dialog.Resize(400, 300)
	ui.buttonBox = qt.NewQDialogButtonBox(ui.Dialog.QWidget)
	ui.buttonBox.SetObjectName("buttonBox")
	ui.buttonBox.SetGeometry(qt.NewQRect(30, 240, 341, 32))
	ui.buttonBox.SetOrientation(qt.Horizontal)
	ui.buttonBox.SetStandardButtons(qt.QDialogButtonBox__Cancel | qt.QDialogButtonBox__Ok)
	ui.label = qt.NewQLabel(ui.Dialog.QWidget)
	ui.label.SetObjectName("label")
	ui.label.SetGeometry(qt.NewQRect(20, 20, 171, 31))

	ui.buttonBox.OnAccepted(ui.Dialog.Accept)
	ui.buttonBox.OnRejected(ui.Dialog.Reject)

	ui.Retranslate()

	return ui
}

// Retranslate reapplies all text translations.
func (ui *DialogUi) Retranslate() {
	ui.Dialog.SetWindowTitle(qt.QCoreApplication_Tr("Dialog"))
	ui.label.SetText(qt.QDialog_Tr("QDialog as base class"))
}
