// Generated by miqt-uic. To update this file, edit the .ui file in
// Qt Designer, and then run 'go generate'.
//
//go:generate miqt-uic go_generate_args

package test_package_name

import (
	"github.com/mappu/miqt/qt"
)

type FormUi struct {
	Form             *qt.QWidget
	horizontalLayout *qt.QHBoxLayout
	first            *qt.QSpinBox
	second           *qt.QSpinBox
}

// NewFormUi creates all Qt widget classes for Form.
func NewFormUi() *FormUi {
	ui := &FormUi{}
	ui.Form = qt.NewQWidget(nil)
	ui.Form.SetObjectName("Form")
	ui.Form.Resize(400, 300)
	ui.horizontalLayout = qt.NewQHBoxLayout(ui.Form)
	ui.horizontalLayout.SetObjectName("horizontalLayout")
	ui.horizontalLayout.SetContentsMargins(11, 11, 11, 11)
	ui.horizontalLayout.SetSpacing(6)
	ui.first = qt.NewQSpinBox(ui.Form)
	ui.first.SetObjectName("first")

	ui.horizontalLayout.AddWidget(ui.first.QWidget)
	ui.second = qt.NewQSpinBox(ui.Form)
	ui.second.SetObjectName("second")

	ui.horizontalLayout.AddWidget(ui.second.QWidget)

	ui.first.OnValueChanged(ui.second.SetValue)

	ui.Retranslate()

	return ui
}

// Retranslate reapplies all text translations.
func (ui *FormUi) Retranslate() {
	ui.Form.SetWindowTitle(qt.QCoreApplication_Tr("Form"))
}
