// Generated by miqt-uic. To update this file, edit the .ui file in
// Qt Designer, and then run 'go generate'.
//
//go:generate miqt-uic go_generate_args

package test_package_name

import (
	"github.com/mappu/miqt/qt"
)

type MainWindowUi struct {
	MainWindow     *qt.QMainWindow
	centralwidget  *qt.QWidget
	verticalLayout *qt.QVBoxLayout
	verticalSpacer *qt.QSpacerItem
	menubar        *qt.QMenuBar
	statusbar      *qt.QStatusBar
}

// NewMainWindowUi creates all Qt widget classes for MainWindow.
func NewMainWindowUi() *MainWindowUi {
	ui := &MainWindowUi{}
	ui.MainWindow = qt.NewQMainWindow(nil)
	ui.MainWindow.SetObjectName("MainWindow")
	ui.MainWindow.Resize(800, 600)
	ui.centralwidget = qt.NewQWidget(ui.MainWindow.QWidget)
	ui.centralwidget.SetObjectName("centralwidget")
	ui.verticalLayout = qt.NewQVBoxLayout(ui.centralwidget)
	ui.verticalLayout.SetObjectName("verticalLayout")
	ui.verticalLayout.SetContentsMargins(11, 11, 11, 11)
	ui.verticalLayout.SetSpacing(6)
	ui.verticalSpacer = qt.NewQSpacerItem4(20, 40, qt.QSizePolicy__Minimum, qt.QSizePolicy__Expanding)

	ui.verticalLayout.AddItem(ui.verticalSpacer.QLayoutItem)
	ui.MainWindow.SetCentralWidget(ui.centralwidget) // Set central widget
	ui.menubar = qt.NewQMenuBar(ui.MainWindow.QWidget)
	ui.menubar.SetObjectName("menubar")
	ui.menubar.Resize(800, 29)
	ui.MainWindow.SetMenuBar(ui.menubar)
	ui.statusbar = qt.NewQStatusBar(ui.MainWindow.QWidget)
	ui.statusbar.SetObjectName("statusbar")
	ui.MainWindow.SetStatusBar(ui.statusbar)

	ui.Retranslate()

	return ui
}

// Retranslate reapplies all text translations.
func (ui *MainWindowUi) Retranslate() {
	ui.MainWindow.SetWindowTitle(qt.QCoreApplication_Tr("MainWindow"))
}
