// Generated by miqt-uic. To update this file, edit the .ui file in
// Qt Designer, and then run 'go generate'.
//
//go:generate miqt-uic go_generate_args

package test_package_name

import (
	"github.com/mappu/miqt/qt"
)

type MainWindowUi struct {
	MainWindow            *qt.QMainWindow
	centralwidget         *qt.QWidget
	menubar               *qt.QMenuBar
	statusbar             *qt.QStatusBar
	actionApplicationExit *qt.QAction
}

// NewMainWindowUi creates all Qt widget classes for MainWindow.
func NewMainWindowUi() *MainWindowUi {
	ui := &MainWindowUi{}
	ui.MainWindow = qt.NewQMainWindow(nil)
	ui.MainWindow.SetObjectName("MainWindow")
	ui.MainWindow.Resize(800, 600)
	ui.actionApplicationExit = qt.NewQAction()
	ui.actionApplicationExit.SetObjectName("actionApplicationExit")
	/* miqt-uic: no handler for QAction property 'checkable' */
	icon0 := qt.QIcon_FromTheme("application-exit")
	ui.actionApplicationExit.SetIcon(icon0)
	ui.centralwidget = qt.NewQWidget(ui.MainWindow.QWidget)
	ui.centralwidget.SetObjectName("centralwidget")
	ui.MainWindow.SetCentralWidget(ui.centralwidget) // Set central widget
	ui.menubar = qt.NewQMenuBar(ui.MainWindow.QWidget)
	ui.menubar.SetObjectName("menubar")
	ui.menubar.Resize(800, 29)
	ui.MainWindow.SetMenuBar(ui.menubar)
	ui.statusbar = qt.NewQStatusBar(ui.MainWindow.QWidget)
	ui.statusbar.SetObjectName("statusbar")
	ui.MainWindow.SetStatusBar(ui.statusbar)

	ui.Retranslate()

	return ui
}

// Retranslate reapplies all text translations.
func (ui *MainWindowUi) Retranslate() {
	ui.MainWindow.SetWindowTitle(qt.QCoreApplication_Tr("MainWindow"))
	ui.actionApplicationExit.SetText(qt.QMainWindow_Tr("ApplicationExit"))
	ui.actionApplicationExit.SetToolTip(qt.QMainWindow_Tr("Custom Tooltip"))
}
