// Generated by miqt-uic. To update this file, edit the .ui file in
// Qt Designer, and then run 'go generate'.
//
//go:generate miqt-uic go_generate_args

package test_package_name

import (
	"github.com/mappu/miqt/qt"
)

type MainWindowUi struct {
	MainWindow       *qt.QMainWindow
	centralwidget    *qt.QWidget
	horizontalLayout *qt.QHBoxLayout
	pushButton_2     *qt.QPushButton
	pushButton       *qt.QPushButton
	menubar          *qt.QMenuBar
	statusbar        *qt.QStatusBar
}

// NewMainWindowUi creates all Qt widget classes for MainWindow.
func NewMainWindowUi() *MainWindowUi {
	ui := &MainWindowUi{}
	ui.MainWindow = qt.NewQMainWindow(nil)
	ui.MainWindow.SetObjectName("MainWindow")
	ui.MainWindow.Resize(800, 600)
	ui.centralwidget = qt.NewQWidget(ui.MainWindow.QWidget)
	ui.centralwidget.SetObjectName("centralwidget")
	ui.horizontalLayout = qt.NewQHBoxLayout(ui.centralwidget)
	ui.horizontalLayout.SetObjectName("horizontalLayout")
	ui.horizontalLayout.SetContentsMargins(11, 11, 11, 11)
	ui.horizontalLayout.SetSpacing(6)
	ui.pushButton_2 = qt.NewQPushButton(ui.centralwidget)
	ui.pushButton_2.SetObjectName("pushButton_2")

	ui.horizontalLayout.AddWidget(ui.pushButton_2.QWidget)
	ui.pushButton = qt.NewQPushButton(ui.centralwidget)
	ui.pushButton.SetObjectName("pushButton")

	ui.horizontalLayout.AddWidget(ui.pushButton.QWidget)
	ui.MainWindow.SetCentralWidget(ui.centralwidget) // Set central widget
	ui.menubar = qt.NewQMenuBar(ui.MainWindow.QWidget)
	ui.menubar.SetObjectName("menubar")
	ui.menubar.Resize(800, 29)
	ui.MainWindow.SetMenuBar(ui.menubar)
	ui.statusbar = qt.NewQStatusBar(ui.MainWindow.QWidget)
	ui.statusbar.SetObjectName("statusbar")
	ui.MainWindow.SetStatusBar(ui.statusbar)

	ui.Retranslate()

	return ui
}

// Retranslate reapplies all text translations.
func (ui *MainWindowUi) Retranslate() {
	ui.MainWindow.SetWindowTitle(qt.QCoreApplication_Tr("MainWindow"))
	ui.pushButton_2.SetText(qt.QWidget_Tr("PushButton"))
	ui.pushButton.SetText(qt.QWidget_Tr("PushButton"))
}
