// Generated by miqt-uic. To update this file, edit the .ui file in
// Qt Designer, and then run 'go generate'.
//
//go:generate miqt-uic go_generate_args

package test_package_name

import (
	"github.com/mappu/miqt/qt"
)

type FormUi struct {
	Form  *qt.QWidget
	label *qt.QLabel
}

// NewFormUi creates all Qt widget classes for Form.
func NewFormUi() *FormUi {
	ui := &FormUi{}
	ui.Form = qt.NewQWidget(nil)
	ui.Form.SetObjectName("Form")
	ui.Form.Resize(400, 300)
	ui.label = qt.NewQLabel(ui.Form)
	ui.label.SetObjectName("label")
	ui.label.SetGeometry(qt.NewQRect(20, 20, 231, 21))

	ui.Retranslate()

	return ui
}

// Retranslate reapplies all text translations.
func (ui *FormUi) Retranslate() {
	ui.Form.SetWindowTitle(qt.QCoreApplication_Tr("Form"))
	ui.label.SetText(qt.QWidget_Tr("QWidget as base class"))
}
