// Generated by miqt-uic. To update this file, edit the .ui file in
// Qt Designer, and then run 'go generate'.
//
//go:generate miqt-uic go_generate_args

package test_package_name

import (
	qt "github.com/mappu/miqt/qt6"
)

type MainWindowUi struct {
	MainWindow       *qt.QMainWindow
	centralwidget    *qt.QWidget
	verticalLayout   *qt.QVBoxLayout
	horizontalSpacer *qt.QSpacerItem
	menubar          *qt.QMenuBar
	statusbar        *qt.QStatusBar
}

// NewMainWindowUi creates all Qt widget classes for MainWindow.
func NewMainWindowUi() *MainWindowUi {
	ui := &MainWindowUi{}
	ui.MainWindow = qt.NewQMainWindow(nil)
	MainWindow__objectName := qt.NewQAnyStringView3("MainWindow")
	ui.MainWindow.SetObjectName(*MainWindow__objectName)
	MainWindow__objectName.Delete() // setter copied value
	ui.MainWindow.Resize(800, 600)
	ui.centralwidget = qt.NewQWidget(ui.MainWindow.QWidget)
	centralwidget__objectName := qt.NewQAnyStringView3("centralwidget")
	ui.centralwidget.SetObjectName(*centralwidget__objectName)
	centralwidget__objectName.Delete() // setter copied value
	ui.verticalLayout = qt.NewQVBoxLayout(ui.centralwidget)
	verticalLayout__objectName := qt.NewQAnyStringView3("verticalLayout")
	ui.verticalLayout.SetObjectName(*verticalLayout__objectName)
	verticalLayout__objectName.Delete() // setter copied value
	ui.verticalLayout.SetContentsMargins(11, 11, 11, 11)
	ui.verticalLayout.SetSpacing(6)
	ui.horizontalSpacer = qt.NewQSpacerItem4(785, 20, qt.QSizePolicy__Expanding, qt.QSizePolicy__Minimum)

	ui.verticalLayout.AddItem(ui.horizontalSpacer.QLayoutItem)
	ui.MainWindow.SetCentralWidget(ui.centralwidget) // Set central widget
	ui.menubar = qt.NewQMenuBar(ui.MainWindow.QWidget)
	menubar__objectName := qt.NewQAnyStringView3("menubar")
	ui.menubar.SetObjectName(*menubar__objectName)
	menubar__objectName.Delete() // setter copied value
	ui.menubar.Resize(800, 22)
	ui.MainWindow.SetMenuBar(ui.menubar)
	ui.statusbar = qt.NewQStatusBar(ui.MainWindow.QWidget)
	statusbar__objectName := qt.NewQAnyStringView3("statusbar")
	ui.statusbar.SetObjectName(*statusbar__objectName)
	statusbar__objectName.Delete() // setter copied value
	ui.MainWindow.SetStatusBar(ui.statusbar)

	ui.Retranslate()

	return ui
}

// Retranslate reapplies all text translations.
func (ui *MainWindowUi) Retranslate() {
	ui.MainWindow.SetWindowTitle(qt.QCoreApplication_Tr("MainWindow"))
}
